[INFO] Scanning for projects...
[INFO] ------------------------------------------------------------------------
[INFO] Detecting the operating system and CPU architecture
[INFO] ------------------------------------------------------------------------
[INFO] os.detected.name: windows
[INFO] os.detected.arch: x86_64
[INFO] os.detected.bitness: 64
[INFO] os.detected.version: 10.0
[INFO] os.detected.version.major: 10
[INFO] os.detected.version.minor: 0
[INFO] os.detected.classifier: windows-x86_64
[INFO] 
[INFO] -------------------< ec.edu.uteq.sga:sga-principal >--------------------
[INFO] Building sga-principal 0.0.1-SNAPSHOT
[INFO]   from pom.xml
[INFO] --------------------------------[ jar ]---------------------------------
[INFO] 
[INFO] >>> spring-boot:3.2.5:run (default-cli) > test-compile @ sga-principal >>>
[INFO] 
[INFO] --- protobuf:0.6.1:compile (default) @ sga-principal ---
[INFO] Compiling 5 proto file(s) to C:\Users\leonardo\Desktop\sga-principal\target\generated-sources\protobuf\java
[INFO] 
[INFO] --- protobuf:0.6.1:compile-custom (default) @ sga-principal ---
[INFO] Compiling 5 proto file(s) to C:\Users\leonardo\Desktop\sga-principal\target\generated-sources\protobuf\grpc-java
[INFO] 
[INFO] --- resources:3.3.1:resources (default-resources) @ sga-principal ---
[INFO] Copying 1 resource from src\main\resources to target\classes
[INFO] Copying 0 resource from src\main\resources to target\classes
[INFO] Copying 5 resources from src\main\proto to target\classes
[INFO] Copying 5 resources from src\main\proto to target\classes
[INFO] 
[INFO] --- compiler:3.11.0:compile (default-compile) @ sga-principal ---
[INFO] Compiling 220 source files with javac [debug release 21] to target\classes
[WARNING] /C:/Users/leonardo/Desktop/sga-principal/src/main/java/ec/edu/uteq/sga/dto/grado/GradoRequestDTO.java:[16,19] @Builder will ignore the initializing expression entirely. If you want the initializing expression to serve as default, add @Builder.Default. If it is not supposed to be settable during building, make the field final.
[WARNING] /C:/Users/leonardo/Desktop/sga-principal/src/main/java/ec/edu/uteq/sga/dto/estudiante/EstudianteRequestDTO.java:[35,21] @Builder will ignore the initializing expression entirely. If you want the initializing expression to serve as default, add @Builder.Default. If it is not supposed to be settable during building, make the field final.
[WARNING] /C:/Users/leonardo/Desktop/sga-principal/src/main/java/ec/edu/uteq/sga/dto/estudiante/EstudianteRequestDTO.java:[53,21] @Builder will ignore the initializing expression entirely. If you want the initializing expression to serve as default, add @Builder.Default. If it is not supposed to be settable during building, make the field final.
[WARNING] /C:/Users/leonardo/Desktop/sga-principal/src/main/java/ec/edu/uteq/sga/entity/Asignatura.java:[30,21] @Builder will ignore the initializing expression entirely. If you want the initializing expression to serve as default, add @Builder.Default. If it is not supposed to be settable during building, make the field final.
[WARNING] /C:/Users/leonardo/Desktop/sga-principal/src/main/java/ec/edu/uteq/sga/entity/Asignatura.java:[33,21] @Builder will ignore the initializing expression entirely. If you want the initializing expression to serve as default, add @Builder.Default. If it is not supposed to be settable during building, make the field final.
[WARNING] /C:/Users/leonardo/Desktop/sga-principal/src/main/java/ec/edu/uteq/sga/entity/Asignacion.java:[38,21] @Builder will ignore the initializing expression entirely. If you want the initializing expression to serve as default, add @Builder.Default. If it is not supposed to be settable during building, make the field final.
[WARNING] /C:/Users/leonardo/Desktop/sga-principal/src/main/java/ec/edu/uteq/sga/entity/Asignacion.java:[41,21] @Builder will ignore the initializing expression entirely. If you want the initializing expression to serve as default, add @Builder.Default. If it is not supposed to be settable during building, make the field final.
[WARNING] /C:/Users/leonardo/Desktop/sga-principal/src/main/java/ec/edu/uteq/sga/entity/Asignacion.java:[44,21] @Builder will ignore the initializing expression entirely. If you want the initializing expression to serve as default, add @Builder.Default. If it is not supposed to be settable during building, make the field final.
[WARNING] /C:/Users/leonardo/Desktop/sga-principal/src/main/java/ec/edu/uteq/sga/entity/Representante.java:[42,21] @Builder will ignore the initializing expression entirely. If you want the initializing expression to serve as default, add @Builder.Default. If it is not supposed to be settable during building, make the field final.
[WARNING] /C:/Users/leonardo/Desktop/sga-principal/src/main/java/ec/edu/uteq/sga/dto/asignacion/AsignacionRequestDTO.java:[24,21] @Builder will ignore the initializing expression entirely. If you want the initializing expression to serve as default, add @Builder.Default. If it is not supposed to be settable during building, make the field final.
[WARNING] /C:/Users/leonardo/Desktop/sga-principal/src/main/java/ec/edu/uteq/sga/entity/Paralelo.java:[24,21] @Builder will ignore the initializing expression entirely. If you want the initializing expression to serve as default, add @Builder.Default. If it is not supposed to be settable during building, make the field final.
[WARNING] /C:/Users/leonardo/Desktop/sga-principal/src/main/java/ec/edu/uteq/sga/entity/Rol.java:[23,21] @Builder will ignore the initializing expression entirely. If you want the initializing expression to serve as default, add @Builder.Default. If it is not supposed to be settable during building, make the field final.
[WARNING] /C:/Users/leonardo/Desktop/sga-principal/src/main/java/ec/edu/uteq/sga/entity/PeriodoEvaluacion.java:[34,21] @Builder will ignore the initializing expression entirely. If you want the initializing expression to serve as default, add @Builder.Default. If it is not supposed to be settable during building, make the field final.
[WARNING] /C:/Users/leonardo/Desktop/sga-principal/src/main/java/ec/edu/uteq/sga/entity/Estudiante.java:[49,21] @Builder will ignore the initializing expression entirely. If you want the initializing expression to serve as default, add @Builder.Default. If it is not supposed to be settable during building, make the field final.
[WARNING] /C:/Users/leonardo/Desktop/sga-principal/src/main/java/ec/edu/uteq/sga/entity/Estudiante.java:[76,21] @Builder will ignore the initializing expression entirely. If you want the initializing expression to serve as default, add @Builder.Default. If it is not supposed to be settable during building, make the field final.
[WARNING] /C:/Users/leonardo/Desktop/sga-principal/src/main/java/ec/edu/uteq/sga/entity/Estudiante.java:[82,20] @Builder will ignore the initializing expression entirely. If you want the initializing expression to serve as default, add @Builder.Default. If it is not supposed to be settable during building, make the field final.
[WARNING] /C:/Users/leonardo/Desktop/sga-principal/src/main/java/ec/edu/uteq/sga/entity/Estudiante.java:[88,21] @Builder will ignore the initializing expression entirely. If you want the initializing expression to serve as default, add @Builder.Default. If it is not supposed to be settable during building, make the field final.
[WARNING] /C:/Users/leonardo/Desktop/sga-principal/src/main/java/ec/edu/uteq/sga/entity/Estudiante.java:[91,21] @Builder will ignore the initializing expression entirely. If you want the initializing expression to serve as default, add @Builder.Default. If it is not supposed to be settable during building, make the field final.
[WARNING] /C:/Users/leonardo/Desktop/sga-principal/src/main/java/ec/edu/uteq/sga/entity/FichaEstudiante.java:[25,21] @Builder will ignore the initializing expression entirely. If you want the initializing expression to serve as default, add @Builder.Default. If it is not supposed to be settable during building, make the field final.
[WARNING] /C:/Users/leonardo/Desktop/sga-principal/src/main/java/ec/edu/uteq/sga/entity/FichaEstudiante.java:[46,21] @Builder will ignore the initializing expression entirely. If you want the initializing expression to serve as default, add @Builder.Default. If it is not supposed to be settable during building, make the field final.
[WARNING] /C:/Users/leonardo/Desktop/sga-principal/src/main/java/ec/edu/uteq/sga/entity/Auditoria.java:[43,21] @Builder will ignore the initializing expression entirely. If you want the initializing expression to serve as default, add @Builder.Default. If it is not supposed to be settable during building, make the field final.
[WARNING] /C:/Users/leonardo/Desktop/sga-principal/src/main/java/ec/edu/uteq/sga/entity/Grado.java:[23,19] @Builder will ignore the initializing expression entirely. If you want the initializing expression to serve as default, add @Builder.Default. If it is not supposed to be settable during building, make the field final.
[WARNING] /C:/Users/leonardo/Desktop/sga-principal/src/main/java/ec/edu/uteq/sga/entity/Grado.java:[26,21] @Builder will ignore the initializing expression entirely. If you want the initializing expression to serve as default, add @Builder.Default. If it is not supposed to be settable during building, make the field final.
[WARNING] /C:/Users/leonardo/Desktop/sga-principal/src/main/java/ec/edu/uteq/sga/entity/AnoLectivo.java:[28,21] @Builder will ignore the initializing expression entirely. If you want the initializing expression to serve as default, add @Builder.Default. If it is not supposed to be settable during building, make the field final.
[WARNING] /C:/Users/leonardo/Desktop/sga-principal/src/main/java/ec/edu/uteq/sga/entity/AnoLectivo.java:[31,21] @Builder will ignore the initializing expression entirely. If you want the initializing expression to serve as default, add @Builder.Default. If it is not supposed to be settable during building, make the field final.
[INFO] /C:/Users/leonardo/Desktop/sga-principal/src/main/java/ec/edu/uteq/sga/security/JwtUtil.java: Some input files use unchecked or unsafe operations.
[INFO] /C:/Users/leonardo/Desktop/sga-principal/src/main/java/ec/edu/uteq/sga/security/JwtUtil.java: Recompile with -Xlint:unchecked for details.
[INFO] 
[INFO] --- resources:3.3.1:testResources (default-testResources) @ sga-principal ---
[INFO] skip non existing resourceDirectory C:\Users\leonardo\Desktop\sga-principal\src\test\resources
[INFO] 
[INFO] --- compiler:3.11.0:testCompile (default-testCompile) @ sga-principal ---
[INFO] Nothing to compile - all classes are up to date
[INFO] 
[INFO] <<< spring-boot:3.2.5:run (default-cli) < test-compile @ sga-principal <<<
[INFO] 
[INFO] 
[INFO] --- spring-boot:3.2.5:run (default-cli) @ sga-principal ---
[INFO] Attaching agents: []
HASH: $2a$10$saHjnqJs/O21YUNj0q9i5OrETPpILXA8LoNUpaha7qFFsOv7pFwXa
HASH: $2a$10$QkoGS//LWEMcGT/XNlfC5e.5UzS83agalsnzsH91FRcvLhs9PdEre

  .   ____          _            __ _ _
 /\\ / ___'_ __ _ _(_)_ __  __ _ \ \ \ \
( ( )\___ | '_ | '_| | '_ \/ _` | \ \ \ \
 \\/  ___)| |_)| | | | | || (_| |  ) ) ) )
  '  |____| .__|_| |_|_| |_\__, | / / / /
 =========|_|==============|___/=/_/_/_/
 :: Spring Boot ::                (v3.2.5)

2026-07-28T08:41:59.249-05:00  INFO 16480 --- [sga-principal] [  restartedMain] e.edu.uteq.sga.SgaPrincipalApplication   : Starting SgaPrincipalApplication using Java 21.0.11 with PID 16480 (C:\Users\leonardo\Desktop\sga-principal\target\classes started by leonardo in C:\Users\leonardo\Desktop\sga-principal)
2026-07-28T08:41:59.252-05:00  INFO 16480 --- [sga-principal] [  restartedMain] e.edu.uteq.sga.SgaPrincipalApplication   : No active profile set, falling back to 1 default profile: "default"
2026-07-28T08:41:59.320-05:00  INFO 16480 --- [sga-principal] [  restartedMain] .e.DevToolsPropertyDefaultsPostProcessor : Devtools property defaults active! Set 'spring.devtools.add-properties' to 'false' to disable
2026-07-28T08:41:59.320-05:00  INFO 16480 --- [sga-principal] [  restartedMain] .e.DevToolsPropertyDefaultsPostProcessor : For additional web related logging consider setting the 'logging.level.web' property to 'DEBUG'
2026-07-28T08:42:01.064-05:00  INFO 16480 --- [sga-principal] [  restartedMain] .s.d.r.c.RepositoryConfigurationDelegate : Bootstrapping Spring Data JPA repositories in DEFAULT mode.
2026-07-28T08:42:01.277-05:00  INFO 16480 --- [sga-principal] [  restartedMain] .s.d.r.c.RepositoryConfigurationDelegate : Finished Spring Data repository scanning in 199 ms. Found 20 JPA repository interfaces.
2026-07-28T08:42:02.583-05:00  INFO 16480 --- [sga-principal] [  restartedMain] o.s.b.w.embedded.tomcat.TomcatWebServer  : Tomcat initialized with port 8080 (http)
2026-07-28T08:42:02.604-05:00  INFO 16480 --- [sga-principal] [  restartedMain] o.apache.catalina.core.StandardService   : Starting service [Tomcat]
2026-07-28T08:42:02.605-05:00  INFO 16480 --- [sga-principal] [  restartedMain] o.apache.catalina.core.StandardEngine    : Starting Servlet engine: [Apache Tomcat/10.1.20]
2026-07-28T08:42:02.686-05:00  INFO 16480 --- [sga-principal] [  restartedMain] o.a.c.c.C.[Tomcat].[localhost].[/]       : Initializing Spring embedded WebApplicationContext
2026-07-28T08:42:02.687-05:00  INFO 16480 --- [sga-principal] [  restartedMain] w.s.c.ServletWebServerApplicationContext : Root WebApplicationContext: initialization completed in 3365 ms
2026-07-28T08:42:03.141-05:00  INFO 16480 --- [sga-principal] [  restartedMain] o.hibernate.jpa.internal.util.LogHelper  : HHH000204: Processing PersistenceUnitInfo [name: default]
2026-07-28T08:42:03.221-05:00  INFO 16480 --- [sga-principal] [  restartedMain] org.hibernate.Version                    : HHH000412: Hibernate ORM core version 6.4.4.Final
2026-07-28T08:42:03.275-05:00  INFO 16480 --- [sga-principal] [  restartedMain] o.h.c.internal.RegionFactoryInitiator    : HHH000026: Second-level cache disabled
2026-07-28T08:42:03.546-05:00  INFO 16480 --- [sga-principal] [  restartedMain] o.s.o.j.p.SpringPersistenceUnitInfo      : No LoadTimeWeaver setup: ignoring JPA class transformer
2026-07-28T08:42:03.580-05:00  INFO 16480 --- [sga-principal] [  restartedMain] com.zaxxer.hikari.HikariDataSource       : HikariPool-1 - Starting...
2026-07-28T08:42:05.809-05:00  INFO 16480 --- [sga-principal] [  restartedMain] com.zaxxer.hikari.pool.HikariPool        : HikariPool-1 - Added connection org.postgresql.jdbc.PgConnection@58b2b5a
2026-07-28T08:42:05.811-05:00  INFO 16480 --- [sga-principal] [  restartedMain] com.zaxxer.hikari.HikariDataSource       : HikariPool-1 - Start completed.
2026-07-28T08:42:05.967-05:00  WARN 16480 --- [sga-principal] [  restartedMain] org.hibernate.orm.deprecation            : HHH90000025: PostgreSQLDialect does not need to be specified explicitly using 'hibernate.dialect' (remove the property setting and it will be selected by default)
2026-07-28T08:42:07.931-05:00  INFO 16480 --- [sga-principal] [  restartedMain] o.h.e.t.j.p.i.JtaPlatformInitiator       : HHH000489: No JTA platform available (set 'hibernate.transaction.jta.platform' to enable JTA platform integration)
2026-07-28T08:42:07.935-05:00  INFO 16480 --- [sga-principal] [  restartedMain] j.LocalContainerEntityManagerFactoryBean : Initialized JPA EntityManagerFactory for persistence unit 'default'
2026-07-28T08:42:09.061-05:00  INFO 16480 --- [sga-principal] [  restartedMain] o.s.d.j.r.query.QueryEnhancerFactory     : Hibernate is in classpath; If applicable, HQL parser will be used.
2026-07-28T08:42:09.592-05:00  INFO 16480 --- [sga-principal] [  restartedMain] n.d.b.g.c.a.GrpcClientAutoConfiguration  : Detected grpc-netty-shaded: Creating ShadedNettyChannelFactory + InProcessChannelFactory
2026-07-28T08:42:10.370-05:00  WARN 16480 --- [sga-principal] [  restartedMain] o.s.aop.framework.CglibAopProxy          : Unable to proxy interface-implementing method [public final io.grpc.ServerServiceDefinition ec.edu.uteq.sga.grpc.contexto.TeacherContextServiceGrpc$TeacherContextServiceImplBase.bindService()] because it is marked as final, consider using interface-based JDK proxies instead.
2026-07-28T08:42:11.168-05:00  INFO 16480 --- [sga-principal] [  restartedMain] o.s.b.a.e.web.EndpointLinksResolver      : Exposing 1 endpoint(s) beneath base path '/actuator'
2026-07-28T08:42:11.299-05:00  INFO 16480 --- [sga-principal] [  restartedMain] o.s.s.web.DefaultSecurityFilterChain     : Will secure any request with [org.springframework.security.web.session.DisableEncodeUrlFilter@14a0bd69, org.springframework.security.web.context.request.async.WebAsyncManagerIntegrationFilter@7b3dae6, org.springframework.security.web.context.SecurityContextHolderFilter@2d4791d3, org.springframework.security.web.header.HeaderWriterFilter@3c1cba6b, org.springframework.web.filter.CorsFilter@1f466e4b, org.springframework.security.web.authentication.logout.LogoutFilter@40ce6df1, ec.edu.uteq.sga.security.JwtFilter@19f55b3b, org.springframework.security.web.savedrequest.RequestCacheAwareFilter@52bd6b1e, org.springframework.security.web.servletapi.SecurityContextHolderAwareRequestFilter@667fc02e, org.springframework.security.web.authentication.AnonymousAuthenticationFilter@235ddd5b, org.springframework.security.web.session.SessionManagementFilter@556cdc09, org.springframework.security.web.access.ExceptionTranslationFilter@3c6db599, org.springframework.security.web.access.intercept.AuthorizationFilter@7d22d633]
2026-07-28T08:42:11.716-05:00  INFO 16480 --- [sga-principal] [  restartedMain] g.s.a.GrpcServerFactoryAutoConfiguration : Detected grpc-netty-shaded: Creating ShadedNettyGrpcServerFactory
2026-07-28T08:42:12.387-05:00  INFO 16480 --- [sga-principal] [  restartedMain] o.s.b.d.a.OptionalLiveReloadServer       : LiveReload server is running on port 35729
2026-07-28T08:42:12.475-05:00  INFO 16480 --- [sga-principal] [  restartedMain] o.s.b.w.embedded.tomcat.TomcatWebServer  : Tomcat started on port 8080 (http) with context path ''
2026-07-28T08:42:12.484-05:00  INFO 16480 --- [sga-principal] [  restartedMain] n.d.b.g.s.s.AbstractGrpcServerFactory    : Registered gRPC service: sga.principal.PrincipalService, bean: principalGrpcService, class: ec.edu.uteq.sga.grpc.PrincipalGrpcService
2026-07-28T08:42:12.484-05:00  INFO 16480 --- [sga-principal] [  restartedMain] n.d.b.g.s.s.AbstractGrpcServerFactory    : Registered gRPC service: sga.contexto.TeacherContextService, bean: teacherContextGrpcService, class: ec.edu.uteq.sga.grpc.TeacherContextGrpcService$$SpringCGLIB$$0
2026-07-28T08:42:12.484-05:00  INFO 16480 --- [sga-principal] [  restartedMain] n.d.b.g.s.s.AbstractGrpcServerFactory    : Registered gRPC service: grpc.health.v1.Health, bean: grpcHealthService, class: io.grpc.protobuf.services.HealthServiceImpl
2026-07-28T08:42:12.484-05:00  INFO 16480 --- [sga-principal] [  restartedMain] n.d.b.g.s.s.AbstractGrpcServerFactory    : Registered gRPC service: grpc.reflection.v1alpha.ServerReflection, bean: protoReflectionService, class: io.grpc.protobuf.services.ProtoReflectionService
2026-07-28T08:42:12.588-05:00  INFO 16480 --- [sga-principal] [  restartedMain] n.d.b.g.s.s.GrpcServerLifecycle          : gRPC Server started, listening on address: *, port: 9092
2026-07-28T08:42:12.602-05:00  INFO 16480 --- [sga-principal] [  restartedMain] e.edu.uteq.sga.SgaPrincipalApplication   : Started SgaPrincipalApplication in 13.932 seconds (process running for 14.819)
